[2021-05-25T22:05:19.595+0000][0.013s][5635][info] Heap region size: 1M
[2021-05-25T22:05:19.596+0000][0.013s][5635][debug] Minimum heap 8388608  Initial heap 536870912  Maximum heap 1073741824
[2021-05-25T22:05:19.597+0000][0.014s][5635][debug] ConcGCThreads: 3 offset 29
[2021-05-25T22:05:19.597+0000][0.014s][5635][debug] ParallelGCThreads: 13
[2021-05-25T22:05:19.597+0000][0.014s][5635][debug] Initialize mark stack with 4096 chunks, maximum 16384
[2021-05-25T22:05:19.597+0000][0.014s][5635][debug] Expand the heap. requested expansion amount: 536870912B expansion amount: 536870912B
[2021-05-25T22:05:19.603+0000][0.020s][5635][debug] Target occupancy update: old: 0B, new: 536870912B
[2021-05-25T22:05:19.603+0000][0.020s][5635][debug] Initial Refinement Zones: green: 13, yellow: 39, red: 65, min yellow size: 26
[2021-05-25T22:05:19.603+0000][0.021s][5635][info ] Using G1
[2021-05-25T22:05:19.603+0000][0.021s][5635][info ] Heap address: 0x00000007c0000000, size: 1024 MB, Compressed Oops mode: Zero based, Oop shift amount: 3
[2021-05-25T22:05:20.726+0000][1.144s][13571][debug] GC(0) Heap before GC invocations=0 (full 0): garbage-first heap   total 524288K, used 25600K [0x00000007c0000000, 0x0000000800000000)
[2021-05-25T22:05:20.726+0000][1.144s][13571][debug] GC(0)   region size 1024K, 25 young (25600K), 0 survivors (0K)
[2021-05-25T22:05:20.726+0000][1.144s][13571][debug] GC(0)  Metaspace       used 14221K, capacity 14556K, committed 14848K, reserved 1062912K
[2021-05-25T22:05:20.726+0000][1.144s][13571][debug] GC(0)   class space    used 1397K, capacity 1525K, committed 1536K, reserved 1048576K
[2021-05-25T22:05:20.726+0000][1.144s][13571][info ] GC(0) Pause Young (Normal) (G1 Evacuation Pause)
[2021-05-25T22:05:20.727+0000][1.145s][13571][info ] GC(0) Using 12 workers of 13 for evacuation
[2021-05-25T22:05:20.728+0000][1.145s][13571][debug] GC(0) TLAB totals: thrds: 6  refills: 72 max: 62 slow allocs: 1 max 1 waste:  8.3% gc: 2084000B max: 524008B slow: 53832B max: 50848B fast: 0B max: 0B
[2021-05-25T22:05:20.728+0000][1.145s][13571][debug] GC(0) Mutator Allocation stats, regions: 25, wasted size: 0B ( 0.0%)
[2021-05-25T22:05:20.728+0000][1.145s][13571][debug] GC(0) Desired survivor size 2097152 bytes, new threshold 15 (max threshold 15)
[2021-05-25T22:05:20.728+0000][1.145s][13571][debug] GC(0) Finish choosing CSet. old: 0 regions, predicted old region time: 0.00ms, time remaining: 0.00
[2021-05-25T22:05:20.728+0000][1.145s][13571][debug] GC(0) GC Termination Stats
[2021-05-25T22:05:20.728+0000][1.145s][13571][debug] GC(0)      elapsed  --strong roots-- -------termination------- ------waste (KiB)------
[2021-05-25T22:05:20.728+0000][1.145s][13571][debug] GC(0) thr     ms        ms      %        ms      %    attempts  total   alloc    undo
[2021-05-25T22:05:20.728+0000][1.145s][13571][debug] GC(0) --- --------- --------- ------ --------- ------ -------- ------- ------- -------
[2021-05-25T22:05:20.735+0000][1.152s][39171][debug] GC(0)   3      6.93      1.08  15.53      1.17  16.82       54       2       2       0
[2021-05-25T22:05:20.735+0000][1.152s][38403][debug] GC(0)   5      7.09      1.01  14.31      1.23  17.33       49       3       3       0
[2021-05-25T22:05:20.735+0000][1.153s][21251][debug] GC(0)   0      7.17      1.76  24.53      1.16  16.20       54       3       3       0
[2021-05-25T22:05:20.735+0000][1.153s][37891][debug] GC(0)   9      7.20      0.84  11.64      1.11  15.41       43       3       2       0
[2021-05-25T22:05:20.735+0000][1.153s][25603][debug] GC(0)   6      7.28      1.03  14.19      1.24  17.05       51       2       2       0
[2021-05-25T22:05:20.735+0000][1.153s][26115][debug] GC(0)   7      7.33      0.76  10.30      1.16  15.83       48       2       2       0
[2021-05-25T22:05:20.735+0000][1.153s][27395][debug] GC(0)  10      7.45      1.64  21.99      1.08  14.56       53       2       2       0
[2021-05-25T22:05:20.735+0000][1.153s][24835][debug] GC(0)   2      7.59      6.88  90.69      0.00   0.02        1       9       9       0
[2021-05-25T22:05:20.735+0000][1.153s][39683][debug] GC(0)   1      7.66      0.83  10.87      1.12  14.68       54       2       2       0
[2021-05-25T22:05:20.736+0000][1.153s][27139][debug] GC(0)  11      7.71      1.02  13.18      1.24  16.07       38       2       2       0
[2021-05-25T22:05:20.736+0000][1.153s][38659][debug] GC(0)   4      7.83      1.94  24.74      1.10  14.05       46       3       3       0
[2021-05-25T22:05:20.736+0000][1.153s][26371][debug] GC(0)   8      7.87      0.71   9.06      1.16  14.78       57       2       2       0
[2021-05-25T22:05:20.736+0000][1.153s][13571][debug] GC(0) Running G1 Clear Card Table Task using 1 workers for 1 units of work for 25 regions.
[2021-05-25T22:05:20.736+0000][1.153s][13571][debug] GC(0) Skipped phase1 of Reference Processing due to unavailable references
[2021-05-25T22:05:20.736+0000][1.154s][13571][debug] GC(0) Skipped phase3 of Reference Processing due to unavailable references
[2021-05-25T22:05:20.737+0000][1.154s][13571][debug] GC(0) Running G1 Free Collection Set using 1 workers for collection set length 25
[2021-05-25T22:05:20.737+0000][1.155s][13571][debug] GC(0) Young PLAB allocation: allocated: 3026856B, wasted: 42200B, unused: 18136B, used: 2966520B, undo waste: 376B, 
[2021-05-25T22:05:20.737+0000][1.155s][13571][debug] GC(0) Young other allocation: region end waste: 2840B, regions filled: 4, direct allocated: 320944B, failure used: 0B, failure wasted: 0B
[2021-05-25T22:05:20.737+0000][1.155s][13571][debug] GC(0) Young sizing: calculated: 592736B, actual: 592736B
[2021-05-25T22:05:20.737+0000][1.155s][13571][debug] GC(0) Old PLAB allocation: allocated: 0B, wasted: 0B, unused: 0B, used: 0B, undo waste: 0B, 
[2021-05-25T22:05:20.737+0000][1.155s][13571][debug] GC(0) Old other allocation: region end waste: 0B, regions filled: 0, direct allocated: 0B, failure used: 0B, failure wasted: 0B
[2021-05-25T22:05:20.737+0000][1.155s][13571][debug] GC(0) Old sizing: calculated: 0B, actual: 2064B
[2021-05-25T22:05:20.737+0000][1.155s][13571][debug] GC(0) Basic information (value update), threshold: 241591910B (45.00), target occupancy: 536870912B, current occupancy: 3350640B, recent allocation size: 0B, recent allocation duration: 1131.66ms, recent old gen allocation rate: 0.00B/s, recent marking phase length: 0.00ms
[2021-05-25T22:05:20.737+0000][1.155s][13571][debug] GC(0) Adaptive IHOP information (value update), threshold: 241591910B (47.37), internal target occupancy: 510027366B, occupancy: 3350640B, additional buffer size: 321912832B, predicted old gen allocation rate: 0.00B/s, predicted marking phase length: 0.00ms, prediction active: false
[2021-05-25T22:05:20.737+0000][1.155s][13571][debug] GC(0) Updated Refinement Zones: green: 13, yellow: 39, red: 65
[2021-05-25T22:05:20.737+0000][1.155s][13571][info ] GC(0)   Pre Evacuate Collection Set: 0.0ms
[2021-05-25T22:05:20.737+0000][1.155s][13571][debug] GC(0)     Prepare TLABs: 0.1ms
[2021-05-25T22:05:20.737+0000][1.155s][13571][debug] GC(0)     Choose Collection Set: 0.0ms
[2021-05-25T22:05:20.737+0000][1.155s][13571][debug] GC(0)     Humongous Register: 0.0ms
[2021-05-25T22:05:20.737+0000][1.155s][13571][info ] GC(0)   Evacuate Collection Set: 8.0ms
[2021-05-25T22:05:20.737+0000][1.155s][13571][debug] GC(0)     Ext Root Scanning (ms):   Min:  0.1, Avg:  0.7, Max:  3.7, Diff:  3.5, Sum:  8.1, Workers: 12
[2021-05-25T22:05:20.737+0000][1.155s][13571][debug] GC(0)     Update RS (ms):           Min:  0.0, Avg:  0.0, Max:  0.0, Diff:  0.0, Sum:  0.0, Workers: 12
[2021-05-25T22:05:20.737+0000][1.155s][13571][debug] GC(0)       Processed Buffers:        Min: 0, Avg:  0.0, Max: 0, Diff: 0, Sum: 0, Workers: 12
[2021-05-25T22:05:20.737+0000][1.155s][13571][debug] GC(0)       Scanned Cards:            Min: 0, Avg:  0.0, Max: 0, Diff: 0, Sum: 0, Workers: 12
[2021-05-25T22:05:20.737+0000][1.155s][13571][debug] GC(0)       Skipped Cards:            Min: 0, Avg:  0.0, Max: 0, Diff: 0, Sum: 0, Workers: 12
[2021-05-25T22:05:20.737+0000][1.155s][13571][debug] GC(0)     Scan RS (ms):             Min:  0.0, Avg:  0.0, Max:  0.0, Diff:  0.0, Sum:  0.0, Workers: 12
[2021-05-25T22:05:20.737+0000][1.155s][13571][debug] GC(0)       Scanned Cards:            Min: 0, Avg:  0.0, Max: 0, Diff: 0, Sum: 0, Workers: 12
[2021-05-25T22:05:20.738+0000][1.155s][13571][debug] GC(0)       Claimed Cards:            Min: 0, Avg:  0.0, Max: 0, Diff: 0, Sum: 0, Workers: 12
[2021-05-25T22:05:20.738+0000][1.155s][13571][debug] GC(0)       Skipped Cards:            Min: 0, Avg:  0.0, Max: 0, Diff: 0, Sum: 0, Workers: 12
[2021-05-25T22:05:20.738+0000][1.155s][13571][debug] GC(0)     Code Root Scanning (ms):  Min:  0.0, Avg:  0.3, Max:  0.9, Diff:  0.9, Sum:  3.2, Workers: 12
[2021-05-25T22:05:20.738+0000][1.155s][13571][debug] GC(0)     AOT Root Scanning (ms):   skipped
[2021-05-25T22:05:20.738+0000][1.155s][13571][debug] GC(0)     Object Copy (ms):         Min:  3.3, Avg:  4.9, Max:  5.7, Diff:  2.4, Sum: 58.7, Workers: 12
[2021-05-25T22:05:20.738+0000][1.155s][13571][debug] GC(0)     Termination (ms):         Min:  0.0, Avg:  1.1, Max:  1.2, Diff:  1.2, Sum: 12.8, Workers: 12
[2021-05-25T22:05:20.738+0000][1.155s][13571][debug] GC(0)       Termination Attempts:     Min: 1, Avg: 45.7, Max: 57, Diff: 56, Sum: 548, Workers: 12
[2021-05-25T22:05:20.738+0000][1.155s][13571][debug] GC(0)     GC Worker Other (ms):     Min:  0.2, Avg:  0.6, Max:  1.0, Diff:  0.8, Sum:  7.2, Workers: 12
[2021-05-25T22:05:20.738+0000][1.155s][13571][debug] GC(0)     GC Worker Total (ms):     Min:  7.1, Avg:  7.5, Max:  7.9, Diff:  0.8, Sum: 90.0, Workers: 12
[2021-05-25T22:05:20.738+0000][1.155s][13571][info ] GC(0)   Post Evacuate Collection Set: 1.2ms
[2021-05-25T22:05:20.738+0000][1.155s][13571][debug] GC(0)     Code Roots Fixup: 0.1ms
[2021-05-25T22:05:20.738+0000][1.155s][13571][debug] GC(0)     Clear Card Table: 0.1ms
[2021-05-25T22:05:20.738+0000][1.155s][13571][debug] GC(0)     Reference Processing: 0.4ms
[2021-05-25T22:05:20.738+0000][1.155s][13571][debug] GC(0)       Reconsider SoftReferences: 0.0ms
[2021-05-25T22:05:20.738+0000][1.155s][13571][debug] GC(0)         SoftRef (ms):             skipped
[2021-05-25T22:05:20.738+0000][1.155s][13571][debug] GC(0)       Notify Soft/WeakReferences: 0.3ms
[2021-05-25T22:05:20.738+0000][1.155s][13571][debug] GC(0)         SoftRef (ms):             Min:  0.0, Avg:  0.0, Max:  0.0, Diff:  0.0, Sum:  0.0, Workers: 1
[2021-05-25T22:05:20.738+0000][1.155s][13571][debug] GC(0)         WeakRef (ms):             Min:  0.3, Avg:  0.3, Max:  0.3, Diff:  0.0, Sum:  0.3, Workers: 1
[2021-05-25T22:05:20.738+0000][1.155s][13571][debug] GC(0)         FinalRef (ms):            Min:  0.0, Avg:  0.0, Max:  0.0, Diff:  0.0, Sum:  0.0, Workers: 1
[2021-05-25T22:05:20.738+0000][1.155s][13571][debug] GC(0)         Total (ms):               Min:  0.3, Avg:  0.3, Max:  0.3, Diff:  0.0, Sum:  0.3, Workers: 1
[2021-05-25T22:05:20.738+0000][1.155s][13571][debug] GC(0)       Notify and keep alive finalizable: 0.0ms
[2021-05-25T22:05:20.738+0000][1.155s][13571][debug] GC(0)         FinalRef (ms):            skipped
[2021-05-25T22:05:20.738+0000][1.156s][13571][debug] GC(0)       Notify PhantomReferences: 0.0ms
[2021-05-25T22:05:20.738+0000][1.156s][13571][debug] GC(0)         PhantomRef (ms):          Min:  0.0, Avg:  0.0, Max:  0.0, Diff:  0.0, Sum:  0.0, Workers: 1
[2021-05-25T22:05:20.738+0000][1.156s][13571][debug] GC(0)       SoftReference:
[2021-05-25T22:05:20.738+0000][1.156s][13571][debug] GC(0)         Discovered: 0
[2021-05-25T22:05:20.738+0000][1.156s][13571][debug] GC(0)         Cleared: 0
[2021-05-25T22:05:20.738+0000][1.156s][13571][debug] GC(0)       WeakReference:
[2021-05-25T22:05:20.738+0000][1.156s][13571][debug] GC(0)         Discovered: 771
[2021-05-25T22:05:20.738+0000][1.156s][13571][debug] GC(0)         Cleared: 600
[2021-05-25T22:05:20.738+0000][1.156s][13571][debug] GC(0)       FinalReference:
[2021-05-25T22:05:20.738+0000][1.156s][13571][debug] GC(0)         Discovered: 0
[2021-05-25T22:05:20.738+0000][1.156s][13571][debug] GC(0)         Cleared: 0
[2021-05-25T22:05:20.738+0000][1.156s][13571][debug] GC(0)       PhantomReference:
[2021-05-25T22:05:20.738+0000][1.156s][13571][debug] GC(0)         Discovered: 161
[2021-05-25T22:05:20.738+0000][1.156s][13571][debug] GC(0)         Cleared: 5
[2021-05-25T22:05:20.738+0000][1.156s][13571][debug] GC(0)     Weak Processing: 0.1ms
[2021-05-25T22:05:20.738+0000][1.156s][13571][debug] GC(0)     Merge Per-Thread State: 0.0ms
[2021-05-25T22:05:20.738+0000][1.156s][13571][debug] GC(0)     Code Roots Purge: 0.1ms
[2021-05-25T22:05:20.738+0000][1.156s][13571][debug] GC(0)     Redirty Cards: 0.1ms
[2021-05-25T22:05:20.738+0000][1.156s][13571][debug] GC(0)     DerivedPointerTable Update: 0.0ms
[2021-05-25T22:05:20.738+0000][1.156s][13571][debug] GC(0)     Free Collection Set: 0.3ms
[2021-05-25T22:05:20.738+0000][1.156s][13571][debug] GC(0)     Humongous Reclaim: 0.0ms
[2021-05-25T22:05:20.738+0000][1.156s][13571][debug] GC(0)     Start New Collection Set: 0.0ms
[2021-05-25T22:05:20.738+0000][1.156s][13571][debug] GC(0)     Resize TLABs: 0.0ms
[2021-05-25T22:05:20.738+0000][1.156s][13571][debug] GC(0)     Expand Heap After Collection: 0.0ms
[2021-05-25T22:05:20.738+0000][1.156s][13571][info ] GC(0)   Other: 1.9ms
[2021-05-25T22:05:20.738+0000][1.156s][13571][info ] GC(0) Eden regions: 25->0(303)
[2021-05-25T22:05:20.738+0000][1.156s][13571][info ] GC(0) Survivor regions: 0->4(4)
[2021-05-25T22:05:20.738+0000][1.156s][13571][info ] GC(0) Old regions: 0->0
[2021-05-25T22:05:20.738+0000][1.156s][13571][info ] GC(0) Humongous regions: 0->0
[2021-05-25T22:05:20.738+0000][1.156s][13571][info ] GC(0) Metaspace: 14221K->14221K(1062912K)
[2021-05-25T22:05:20.738+0000][1.156s][13571][debug] GC(0) Heap after GC invocations=1 (full 0): garbage-first heap   total 524288K, used 3272K [0x00000007c0000000, 0x0000000800000000)
[2021-05-25T22:05:20.738+0000][1.156s][13571][debug] GC(0)   region size 1024K, 4 young (4096K), 4 survivors (4096K)
[2021-05-25T22:05:20.738+0000][1.156s][13571][debug] GC(0)  Metaspace       used 14221K, capacity 14556K, committed 14848K, reserved 1062912K
[2021-05-25T22:05:20.738+0000][1.156s][13571][debug] GC(0)   class space    used 1397K, capacity 1525K, committed 1536K, reserved 1048576K
[2021-05-25T22:05:20.738+0000][1.156s][13571][info ] GC(0) Pause Young (Normal) (G1 Evacuation Pause) 25M->3M(512M) 12.251ms
[2021-05-25T22:05:20.738+0000][1.156s][13571][info ] GC(0) User=0.07s Sys=0.01s Real=0.01s
[2021-05-25T22:05:20.862+0000][1.279s][13059][debug] Stopping 0
[2021-05-25T22:05:20.862+0000][1.280s][5635 ][info ] Heap
[2021-05-25T22:05:20.862+0000][1.280s][5635 ][info ]  garbage-first heap   total 524288K, used 7368K [0x00000007c0000000, 0x0000000800000000)
[2021-05-25T22:05:20.862+0000][1.280s][5635 ][info ]   region size 1024K, 9 young (9216K), 4 survivors (4096K)
[2021-05-25T22:05:20.862+0000][1.280s][5635 ][info ]  Metaspace       used 15461K, capacity 15861K, committed 16128K, reserved 1062912K
[2021-05-25T22:05:20.862+0000][1.280s][5635 ][info ]   class space    used 1543K, capacity 1703K, committed 1792K, reserved 1048576K
